### START SCREEN ###

jard >>             






















### END SCREEN ###
### START SEND_KEYS ###
["jard color-scheme 256", :Enter]
### END SEND_KEYS ###
### START SCREEN ###

jard >>             






















### END SCREEN ###
