### START SCREEN ###
┌ Source  ../../../examples/evaluation_example.rb:21 ──────────────────────────┐
│  12   <<~CODE, nil, __FILE__, __LINE__ + 1                                   │
│  13     def test2(a, b)                                                      │
│  14       c = a + b                                                          │
│  15       c * 3                                                              │
│  16     end                                                                  │
│  17   CODE                                                                   │
│  18 )                                                                        │
│  19                                                                          │
│  20 jard                                                                     │
│⮕ 21 test1(1, 2)                                                              │
│  22 test2(3, 4)                                                              │
│                                                                              │
│                                                                              │
│                                                                              │
│                                                                              │
│                                                                              │
│                                                                              │
│                                                                              │
│                                                                              │
└──────────────────────────────────────────────────────────────────────────────┘
jard >>


### END SCREEN ###
### START SEND_KEYS ###
["step", :Enter]
### END SEND_KEYS ###
### START SCREEN ###
┌ Source  (eval):2 ────────────────────────────────────────────────────────────┐
│                                                                              │
│                                                                              │
│                                                                              │
│                                                                              │
│                                                                              │
│                                                                              │
│                                                                              │
│                                                                              │
│                                                                              │
│                                                                              │
│                                                                              │
│                                                                              │
│                                                                              │
│                                                                              │
│                                                                              │
│                                                                              │
│                                                                              │
│                                                                              │
│                                                                              │
└──────────────────────────────────────────────────────────────────────────────┘
jard >>


### END SCREEN ###
### START SEND_KEYS ###
["step-out", :Enter]
### END SEND_KEYS ###
### START SEND_KEYS ###
["step", :Enter]
### END SEND_KEYS ###
### START SCREEN ###
┌ Source  ../../../examples/evaluation_example.rb:14 ──────────────────────────┐
│   5     def test1(a, b)                                                      │
│   6       c = a + b                                                          │
│   7       c * 2                                                              │
│   8     end                                                                  │
│   9   CODE                                                                   │
│  10 )                                                                        │
│  11 eval(                                                                    │
│  12   <<~CODE, nil, __FILE__, __LINE__ + 1                                   │
│  13     def test2(a, b)                                                      │
│⮕ 14       c = a + b                                                          │
│  15       c * 3                                                              │
│  16     end                                                                  │
│  17   CODE                                                                   │
│  18 )                                                                        │
│  19                                                                          │
│  20 jard                                                                     │
│  21 test1(1, 2)                                                              │
│  22 test2(3, 4)                                                              │
│                                                                              │
└──────────────────────────────────────────────────────────────────────────────┘
jard >>


### END SCREEN ###
